// Jest Snapshot v1, https://goo.gl/fbAQLP

exports[`description component renders description element 1`] = `
<div
  class="ant-descriptions-title"
>
  Pokemon Info
</div>
`;
