// Jest Snapshot v1, https://goo.gl/fbAQLP

exports[`About Component should match snapshot 1`] = `
<div
  className="about-center"
  data-testid="test-aboutpage"
>
  <Spinner />
</div>
`;
