// Jest Snapshot v1, https://goo.gl/fbAQLP

exports[`Loadercards component renders loader-cards element 1`] = `
<div
  data-testid="test-loadercard"
>
  <div
    class="ant-card ant-card-loading ant-card-bordered"
    style="width: 300px; margin-top: 16px;"
  >
    <div
      class="ant-card-body"
    >
      <div
        class="ant-card-loading-content"
      >
        <div
          class="ant-row"
          style="margin-left: -4px; margin-right: -4px;"
        >
          <div
            class="ant-col ant-col-22"
            style="padding-left: 4px; padding-right: 4px;"
          >
            <div
              class="ant-card-loading-block"
            />
          </div>
        </div>
        <div
          class="ant-row"
          style="margin-left: -4px; margin-right: -4px;"
        >
          <div
            class="ant-col ant-col-8"
            style="padding-left: 4px; padding-right: 4px;"
          >
            <div
              class="ant-card-loading-block"
            />
          </div>
          <div
            class="ant-col ant-col-15"
            style="padding-left: 4px; padding-right: 4px;"
          >
            <div
              class="ant-card-loading-block"
            />
          </div>
        </div>
        <div
          class="ant-row"
          style="margin-left: -4px; margin-right: -4px;"
        >
          <div
            class="ant-col ant-col-6"
            style="padding-left: 4px; padding-right: 4px;"
          >
            <div
              class="ant-card-loading-block"
            />
          </div>
          <div
            class="ant-col ant-col-18"
            style="padding-left: 4px; padding-right: 4px;"
          >
            <div
              class="ant-card-loading-block"
            />
          </div>
        </div>
        <div
          class="ant-row"
          style="margin-left: -4px; margin-right: -4px;"
        >
          <div
            class="ant-col ant-col-13"
            style="padding-left: 4px; padding-right: 4px;"
          >
            <div
              class="ant-card-loading-block"
            />
          </div>
          <div
            class="ant-col ant-col-9"
            style="padding-left: 4px; padding-right: 4px;"
          >
            <div
              class="ant-card-loading-block"
            />
          </div>
        </div>
        <div
          class="ant-row"
          style="margin-left: -4px; margin-right: -4px;"
        >
          <div
            class="ant-col ant-col-4"
            style="padding-left: 4px; padding-right: 4px;"
          >
            <div
              class="ant-card-loading-block"
            />
          </div>
          <div
            class="ant-col ant-col-3"
            style="padding-left: 4px; padding-right: 4px;"
          >
            <div
              class="ant-card-loading-block"
            />
          </div>
          <div
            class="ant-col ant-col-16"
            style="padding-left: 4px; padding-right: 4px;"
          >
            <div
              class="ant-card-loading-block"
            />
          </div>
        </div>
      </div>
    </div>
  </div>
  <div
    class="ant-card ant-card-bordered"
    style="width: 300px; margin-top: 16px;"
  >
    <div
      class="ant-card-body"
    >
      <div
        class="ant-skeleton ant-skeleton-with-avatar ant-skeleton-active"
      >
        <div
          class="ant-skeleton-header"
        >
          <span
            class="ant-skeleton-avatar ant-skeleton-avatar-lg ant-skeleton-avatar-circle"
          />
        </div>
        <div
          class="ant-skeleton-content"
        >
          <h3
            class="ant-skeleton-title"
            style="width: 50%;"
          />
          <ul
            class="ant-skeleton-paragraph"
          >
            <li />
            <li />
          </ul>
        </div>
      </div>
    </div>
  </div>
</div>
`;
